
> otto-imune-frontend@0.0.0 build
> next build

Ôû▓ Next.js 16.2.4 (Turbopack)
- Environments: .env.local

  Creating an optimized production build ...
npm : 
No linha:1 caractere:66
+ ...  -ErrorAction SilentlyContinue; npm run build > build_output.txt 2>&1
+                                     ~~~~~~~~~~~~~~~~~~~~~~~~~~~~~~~~~~~~~
    + CategoryInfo          : NotSpecified: (:String) [], RemoteException
    + FullyQualifiedErrorId : NativeCommandError
 
> Build error occurred
Error: Turbopack build failed with 1 errors:
./src/app/globals.css
Error evaluating Node.js code
Error: It looks like you're trying to use `tailwindcss` directly as a PostCSS plugin. The PostCSS plugin has moved to 
a separate package, so to continue using Tailwind CSS with PostCSS you'll need to install `@tailwindcss/postcss` and 
update your PostCSS configuration.
    [at at (C:\Users\drdhs\OneDrive\Documentos\AOTTO 
ECOSYSTEM\NUCALAPP\frontend\node_modules\tailwindcss\dist\lib.js:38:1643)]
    at pluginFactory (turbopack:///[turbopack-node]/transforms/postcss.ts:56:14) 
[C:\Users\drdhs\OneDrive\Documentos\AOTTO 
ECOSYSTEM\NUCALAPP\frontend\.next\build\chunks\[root-of-the-server]__0g0201f._.js:134:20]
    [at <anonymous>]
    at map (turbopack:///[turbopack-node]/transforms/postcss.ts:43:33) [C:\Users\drdhs\OneDrive\Documentos\AOTTO 
ECOSYSTEM\NUCALAPP\frontend\.next\build\chunks\[root-of-the-server]__0g0201f._.js:124:35]
    at init (turbopack:///[turbopack-node]/child_process/evaluate.ts:74:20) [C:\Users\drdhs\OneDrive\Documentos\AOTTO 
ECOSYSTEM\NUCALAPP\frontend\.next\build\chunks\[root-of-the-server]__07zt.sk._.js:429:26]
    [at process.processTicksAndRejections (node:internal/process/task_queues:95:5)]

Import trace:
  Client Component Browser:
    ./src/app/globals.css [Client Component Browser]
    ./src/app/layout.tsx [Server Component]


    at pluginFactory (turbopack:///[turbopack-node]/transforms/postcss.ts:56:14) 
[C:\Users\drdhs\OneDrive\Documentos\AOTTO 
ECOSYSTEM\NUCALAPP\frontend\.next\build\chunks\[root-of-the-server]__0g0201f._.js:134:20])
    at map (turbopack:///[turbopack-node]/transforms/postcss.ts:43:33) [C:\Users\drdhs\OneDrive\Documentos\AOTTO 
ECOSYSTEM\NUCALAPP\frontend\.next\build\chunks\[root-of-the-server]__0g0201f._.js:124:35])
    at init (turbopack:///[turbopack-node]/child_process/evaluate.ts:74:20) [C:\Users\drdhs\OneDrive\Documentos\AOTTO 
ECOSYSTEM\NUCALAPP\frontend\.next\build\chunks\[root-of-the-server]__07zt.sk._.js:429:26])
